// Jest Snapshot v1, https://goo.gl/fbAQLP

exports[`renders 1`] = `
Array [
  <div
    className="instructions"
  >
    <h1>
      Scribble
    </h1>
    <h2>
      A fun game to hone your wordmaking ability
    </h2>
    <p>
      Drag letters into the white area to create words. You have you have 
      45
       seconds to beat the robot!
    </p>
  </div>,
  <select
    onChange={[Function]}
    value={1}
  >
    <option
      value="2"
    >
      Easy
    </option>
    <option
      value="1"
    >
      Medium
    </option>
    <option
      value="0"
    >
      Hard
    </option>
  </select>,
  <button
    id="start"
    onClick={[Function]}
  >
    Play
  </button>,
]
`;
